N E X T F L O W  ~  version 23.04.1
Launching `/Users/annick.renevey/Projects/rnafusion/tests/../main.nf` [cheesy_hawking] DSL2 - revision: 12cef51b71
WARN: Access to undefined parameter `monochromeLogs` -- Initialise it to a default value eg. `params.monochromeLogs = some_value`


-[2m----------------------------------------------------[0m-
                                        [0;32m,--.[0;30m/[0;32m,-.[0m
[0;34m        ___     __   __   __   ___     [0;32m/,-._.--~'[0m
[0;34m  |\ | |__  __ /  ` /  \ |__) |__         [0;33m}  {[0m
[0;34m  | \| |       \__, \__/ |  \ |___     [0;32m\`-._,-`-,[0m
                                        [0;32m`._,._,'[0m
[0;35m  nf-core/rnafusion v3.0.2dev[0m
-[2m----------------------------------------------------[0m-
[1mCore Nextflow options[0m
  [0;34mrunName                           : [0;32mcheesy_hawking[0m
  [0;34mcontainerEngine                   : [0;32mdocker[0m
  [0;34mlaunchDir                         : [0;32m/Users/annick.renevey/Projects/rnafusion/.nf-test/tests/818076bdee20d7e7df39ccd4d6617997[0m
  [0;34mworkDir                           : [0;32m/Users/annick.renevey/Projects/rnafusion/.nf-test/tests/818076bdee20d7e7df39ccd4d6617997/work[0m
  [0;34mprojectDir                        : [0;32m/Users/annick.renevey/Projects/rnafusion[0m
  [0;34muserName                          : [0;32mannick.renevey[0m
  [0;34mprofile                           : [0;32mdebug,test,docker[0m
  [0;34mconfigFiles                       : [0;32m[0m

[1mInput/output options[0m
  [0;34minput                             : [0;32mhttps://raw.githubusercontent.com/nf-core/test-datasets/rnafusion/testdata/human/samplesheet_valid.csv[0m
  [0;34moutdir                            : [0;32mresults[0m
  [0;34mbuild_references                  : [0;32mtrue[0m
  [0;34mgenomes_base                      : [0;32mresults/references[0m
  [0;34mstarfusion_build                  : [0;32mtrue[0m
  [0;34marriba_ref                        : [0;32mresults/references/arriba[0m
  [0;34marriba_ref_blacklist              : [0;32mresults/references/arriba/blacklist_hg38_GRCh38_v2.4.0.tsv.gz[0m
  [0;34marriba_ref_cytobands              : [0;32mresults/references/arriba/cytobands_hg38_GRCh38_v2.4.0.tsv[0m
  [0;34marriba_ref_known_fusions          : [0;32mresults/references/arriba/known_fusions_hg38_GRCh38_v2.4.0.tsv.gz[0m
  [0;34marriba_ref_protein_domains        : [0;32mresults/references/arriba/protein_domains_hg38_GRCh38_v2.4.0.gff3[0m
  [0;34mensembl_ref                       : [0;32mresults/references/ensembl[0m
  [0;34mfusioncatcher_limitSjdbInsertNsj  : [0;32m2000000[0m
  [0;34mfusioncatcher_ref                 : [0;32mresults/references/fusioncatcher/human_v102[0m
  [0;34mfusioninspector_limitSjdbInsertNsj: [0;32m1000000[0m
  [0;34mfusionreport_ref                  : [0;32mresults/references/fusion_report_db[0m
  [0;34mhgnc_ref                          : [0;32mresults/references/hgnc/hgnc_complete_set.txt[0m
  [0;34mhgnc_date                         : [0;32mresults/references/hgnc/HGNC-DB-timestamp.txt[0m
  [0;34mstarfusion_ref                    : [0;32mresults/references/starfusion/ctat_genome_lib_build_dir[0m
  [0;34mstarindex_ref                     : [0;32mresults/references/star[0m
  [0;34mtools_cutoff                      : [0;32m1[0m

[1mRead trimming options[0m
  [0;34madapter_fasta                     : [0;32m[][0m

[1mAlignment compression options[0m
  [0;34mcram                              : [0;32m[][0m

[1mReference genome options[0m
  [0;34mgenome                            : [0;32mGRCh38[0m
  [0;34mfasta                             : [0;32mresults/references/ensembl/Homo_sapiens.GRCh38.102.all.fa[0m
  [0;34mfai                               : [0;32mresults/references/ensembl/Homo_sapiens.GRCh38.102.all.fa.fai[0m
  [0;34mgtf                               : [0;32mresults/references/ensembl/Homo_sapiens.GRCh38.102.gtf[0m
  [0;34mchrgtf                            : [0;32mresults/references/ensembl/Homo_sapiens.GRCh38.102.chr.gtf[0m
  [0;34mtranscript                        : [0;32mresults/references/ensembl/Homo_sapiens.GRCh38.102.cdna.all.fa.gz[0m
  [0;34mrefflat                           : [0;32mresults/references/ensembl/Homo_sapiens.GRCh38.102.chr.gtf.refflat[0m
  [0;34mrrna_intervals                    : [0;32mresults/references/ensembl/Homo_sapiens.GRCh38.102.interval_list[0m

[1mInstitutional config options[0m
  [0;34mconfig_profile_name               : [0;32mTest profile[0m
  [0;34mconfig_profile_description        : [0;32mMinimal test dataset to check pipeline function[0m

[1mMax job request options[0m
  [0;34mmax_cpus                          : [0;32m2[0m
  [0;34mmax_memory                        : [0;32m6.GB[0m
  [0;34mmax_time                          : [0;32m6.h[0m

!! Only displaying parameters that differ from the pipeline defaults !!
-[2m----------------------------------------------------[0m-
If you use nf-core/rnafusion for your analysis please cite:

* The pipeline
  

* The nf-core framework
  https://doi.org/10.1038/s41587-020-0439-x

* Software dependencies
  https://github.com/nf-core/rnafusion/blob/master/CITATIONS.md
-[2m----------------------------------------------------[0m-
WARN: The following invalid input values have been detected:

* --genome_base: references
* --modules_testdata_base_path: s3://ngi-igenomes/testdata/nf-core/modules/
* --pipelines_testdata_base_path: s3://ngi-igenomes/testdata/nf-core/pipelines/rnaseq/3.15/


WARN: There's no process matching config selector: SAMPLESHEET_CHECK
[NFCORE_RNAFUSION:BUILD_REFERENCES:HGNC_DOWNLOAD] cache hash: 7f18070817f5b2ac14c8e745abfb6933; mode: STANDARD; entries: 
  338337db5eff3bff24c213e2d8964e63 [java.util.UUID] 1bbe00d2-1928-4556-b97c-ecef4af4222e 
  5dd471f5f4c9a54dea64867d4265ee28 [java.lang.String] NFCORE_RNAFUSION:BUILD_REFERENCES:HGNC_DOWNLOAD 
  9ff7290eb13332bf5c4063dc712689d6 [java.lang.String] """
    wget https://ftp.ebi.ac.uk/pub/databases/genenames/hgnc/tsv/hgnc_complete_set.txt
    date +%Y-%m-%d/%H:%M  > HGNC-DB-timestamp.txt

    cat <<-END_VERSIONS > versions.yml
    "${task.process}":
        wget: \$(echo wget -V 2>&1 | grep "GNU Wget" | cut -d" " -f3 > versions.yml)
    END_VERSIONS
    """
 
  00c7c646a986ea5502fb404ea15e7443 [java.lang.String] quay.io/biocontainers/gnu-wget:1.18--h5bf99c6_5 
  4f9d4b0d22865056c37fb6d9c2a04a67 [java.lang.String] $ 
  16fe7483905cce7a85670e43e4678877 [java.lang.Boolean] true 
  77476d335f7c3b5b95495d42532f58d0 [java.util.HashMap$EntrySet] [task.process=NFCORE_RNAFUSION:BUILD_REFERENCES:HGNC_DOWNLOAD] 

[NFCORE_RNAFUSION:BUILD_REFERENCES:ENSEMBL_DOWNLOAD] cache hash: dd31277bda420c7e0145fc89ea8613e5; mode: STANDARD; entries: 
  338337db5eff3bff24c213e2d8964e63 [java.util.UUID] 1bbe00d2-1928-4556-b97c-ecef4af4222e 
  f65e11932b552ca585de284c5e5d0162 [java.lang.String] NFCORE_RNAFUSION:BUILD_REFERENCES:ENSEMBL_DOWNLOAD 
  0955cd72953c2b84dffe718d8e97dc15 [java.lang.String] """
    wget ftp://ftp.ensembl.org/pub/release-${ensembl_version}/fasta/homo_sapiens/dna/Homo_sapiens.${params.genome}.dna.chromosome.{1..22}.fa.gz
    wget ftp://ftp.ensembl.org/pub/release-${ensembl_version}/fasta/homo_sapiens/dna/Homo_sapiens.${params.genome}.dna.chromosome.{MT,X,Y}.fa.gz

    wget ftp://ftp.ensembl.org/pub/release-${ensembl_version}/gtf/homo_sapiens/Homo_sapiens.${params.genome}.${ensembl_version}.gtf.gz
    wget ftp://ftp.ensembl.org/pub/release-${ensembl_version}/gtf/homo_sapiens/Homo_sapiens.${params.genome}.${ensembl_version}.chr.gtf.gz
    wget ftp://ftp.ensembl.org/pub/release-${ensembl_version}/fasta/homo_sapiens/cdna/Homo_sapiens.${params.genome}.cdna.all.fa.gz -O Homo_sapiens.${params.genome}.${ensembl_version}.cdna.all.fa.gz

    gunzip -c Homo_sapiens.${params.genome}.dna.chromosome.* > Homo_sapiens.${params.genome}.${ensembl_version}.all.fa
    gunzip Homo_sapiens.${params.genome}.${ensembl_version}.gtf.gz
    gunzip Homo_sapiens.${params.genome}.${ensembl_version}.chr.gtf.gz



    cat <<-END_VERSIONS > versions.yml
    "${task.process}":
        wget: \$(echo wget -V 2>&1 | grep "GNU Wget" | cut -d" " -f3 > versions.yml)
    END_VERSIONS
    """
 
  00c7c646a986ea5502fb404ea15e7443 [java.lang.String] quay.io/biocontainers/gnu-wget:1.18--h5bf99c6_5 
  fee0e11be1152749b19f3d19542d3901 [java.lang.String] ensembl_version 
  f56f0c2893db292d86b93804fe80b6ac [java.lang.Integer] 102 
  d9c152f5939e0f93a25dbd62b7c4d0a5 [java.lang.String] genome 
  6b15613e5b490261f4ffe786a92c5825 [java.lang.String] GRCh38 
  22a9e5e0e97f0475e310f04c56b1393a [java.lang.String] meta 
  cb0f105a57d4145f7acb92ca9cf2ea12 [java.util.LinkedHashMap] [id:Homo_sapiens.GRCh38.102] 
  4f9d4b0d22865056c37fb6d9c2a04a67 [java.lang.String] $ 
  16fe7483905cce7a85670e43e4678877 [java.lang.Boolean] true 
  c877f2c88b6ad8c3dbe3236a80f57755 [java.util.HashMap$EntrySet] [task.process=NFCORE_RNAFUSION:BUILD_REFERENCES:ENSEMBL_DOWNLOAD, params.genome=GRCh38] 

[81/2c2c1f] Submitted process > NFCORE_RNAFUSION:BUILD_REFERENCES:HGNC_DOWNLOAD (hgnc)
[52/33e328] Submitted process > NFCORE_RNAFUSION:BUILD_REFERENCES:ENSEMBL_DOWNLOAD (ensembl)
